[{"check_id": "python.lang.correctness.useless-eqeq.useless-eqeq", "path": "bar.py", "line": 1, "column": 1, "message": "This expression is always True: `2 == 2` or `2 != 2`. If testing for floating point NaN, use `math.isnan(2)`, or `cmath.isnan(2)` if the number is complex.", "severity": 0, "syntactic_context": "2 == 2", "index": 0, "end_line": 1, "end_column": 7, "commit_date": "0000-00-00T00:00:00+00:00", "metadata": {"category": "correctness", "source": "https://semgrep.dev/r/python.lang.correctness.useless-eqeq.useless-eqeq"}, "syntactic_id": "a179ed110a4fa6f1f1a218228ab48231", "is_blocking": true}]
